// Vitest Snapshot v1, https://vitest.dev/guide/snapshot.html

exports[`Routes > router definition should match snapshot 1`] = `
[
  {
    "enabled": [Function],
    "getDescription": [Function],
    "getElement": [Function],
    "getTitle": [Function],
    "nestedPaths": [],
    "path": "/",
  },
  {
    "enabled": [Function],
    "getDescription": [Function],
    "getElement": [Function],
    "getTitle": [Function],
    "nestedPaths": [
      ":tab",
      ":chainName",
      ":tab/:chainName",
    ],
    "path": "/explore",
  },
  {
    "enabled": [Function],
    "getDescription": [Function],
    "getElement": [Function],
    "getTitle": [Function],
    "nestedPaths": [],
    "path": "/explore/tokens/:chainName/:tokenAddress",
  },
  {
    "enabled": [Function],
    "getDescription": [Function],
    "getElement": [Function],
    "getTitle": [Function],
    "nestedPaths": [],
    "path": "/tokens",
  },
  {
    "enabled": [Function],
    "getDescription": [Function],
    "getElement": [Function],
    "getTitle": [Function],
    "nestedPaths": [],
    "path": "/tokens/:chainName",
  },
  {
    "enabled": [Function],
    "getDescription": [Function],
    "getElement": [Function],
    "getTitle": [Function],
    "nestedPaths": [],
    "path": "/tokens/:chainName/:tokenAddress",
  },
  {
    "enabled": [Function],
    "getDescription": [Function],
    "getElement": [Function],
    "getTitle": [Function],
    "nestedPaths": [],
    "path": "/explore/pools/:chainName/:poolAddress",
  },
  {
    "enabled": [Function],
    "getDescription": [Function],
    "getElement": [Function],
    "getTitle": [Function],
    "nestedPaths": [],
    "path": "/swap",
  },
  {
    "enabled": [Function],
    "getDescription": [Function],
    "getElement": [Function],
    "getTitle": [Function],
    "nestedPaths": [],
    "path": "/positions/add/new",
  },
  {
    "enabled": [Function],
    "getDescription": [Function],
    "getElement": [Function],
    "getTitle": [Function],
    "nestedPaths": [
      ":chainName/:poolAddress",
    ],
    "path": "/positions/add",
  },
  {
    "enabled": [Function],
    "getDescription": [Function],
    "getElement": [Function],
    "getTitle": [Function],
    "nestedPaths": [
      ":protocolVersion",
    ],
    "path": "/positions/create",
  },
  {
    "enabled": [Function],
    "getDescription": [Function],
    "getElement": [Function],
    "getTitle": [Function],
    "nestedPaths": [],
    "path": "/positions",
  },
  {
    "enabled": [Function],
    "getDescription": [Function],
    "getElement": [Function],
    "getTitle": [Function],
    "nestedPaths": [],
    "path": "/positions/v3/:chainName/:tokenId",
  },
  {
    "enabled": [Function],
    "getDescription": [Function],
    "getElement": [Function],
    "getTitle": [Function],
    "nestedPaths": [],
    "path": "/pool",
  },
  {
    "enabled": [Function],
    "getDescription": [Function],
    "getElement": [Function],
    "getTitle": [Function],
    "nestedPaths": [],
    "path": "/pool/:tokenId",
  },
  {
    "enabled": [Function],
    "getDescription": [Function],
    "getElement": [Function],
    "getTitle": [Function],
    "nestedPaths": [],
    "path": "/pools",
  },
  {
    "enabled": [Function],
    "getDescription": [Function],
    "getElement": [Function],
    "getTitle": [Function],
    "nestedPaths": [],
    "path": "/pools/:tokenId",
  },
  {
    "enabled": [Function],
    "getDescription": [Function],
    "getElement": [Function],
    "getTitle": [Function],
    "nestedPaths": [
      ":currencyIdA",
      ":currencyIdA/:currencyIdB",
      ":currencyIdA/:currencyIdB/:feeAmount",
      ":currencyIdA/:currencyIdB/:feeAmount/:tokenId",
    ],
    "path": "/add",
  },
  {
    "enabled": [Function],
    "getDescription": [Function],
    "getElement": [Function],
    "getTitle": [Function],
    "nestedPaths": [],
    "path": "/remove/:tokenId",
  },
  {
    "enabled": [Function],
    "getDescription": [Function],
    "getElement": [Function],
    "getTitle": [Function],
    "nestedPaths": [],
    "path": "*",
  },
  {
    "enabled": [Function],
    "getDescription": [Function],
    "getElement": [Function],
    "getTitle": [Function],
    "nestedPaths": [],
    "path": "/not-found",
  },
]
`;
